###############################################################################
#
# IAR ELF Linker V7.40.3.8902/W32 for ARM                 07/Dec/2017  19:17:17
# Copyright 2007-2015 IAR Systems AB.
#
#    Output file  =  
#        C:\Users\Administrator\Documents\GitHub\H2H-SW-PRO\EWARM\H2H
#        L4\Exe\H2H L4.out
#    Map file     =  
#        C:\Users\Administrator\Documents\GitHub\H2H-SW-PRO\EWARM\H2H
#        L4/List\H2H L4.map
#    Command line =  
#        "C:\Users\Administrator\Documents\GitHub\H2H-SW-PRO\EWARM\H2H
#        L4\Obj\cmsis_os.o"
#        "C:\Users\Administrator\Documents\GitHub\H2H-SW-PRO\EWARM\H2H
#        L4\Obj\croutine.o"
#        "C:\Users\Administrator\Documents\GitHub\H2H-SW-PRO\EWARM\H2H
#        L4\Obj\dma.o"
#        "C:\Users\Administrator\Documents\GitHub\H2H-SW-PRO\EWARM\H2H
#        L4\Obj\event_groups.o"
#        "C:\Users\Administrator\Documents\GitHub\H2H-SW-PRO\EWARM\H2H
#        L4\Obj\fmc.o"
#        "C:\Users\Administrator\Documents\GitHub\H2H-SW-PRO\EWARM\H2H
#        L4\Obj\freertos.o"
#        "C:\Users\Administrator\Documents\GitHub\H2H-SW-PRO\EWARM\H2H
#        L4\Obj\gpio.o"
#        "C:\Users\Administrator\Documents\GitHub\H2H-SW-PRO\EWARM\H2H
#        L4\Obj\heap_4.o"
#        "C:\Users\Administrator\Documents\GitHub\H2H-SW-PRO\EWARM\H2H
#        L4\Obj\i2c.o"
#        "C:\Users\Administrator\Documents\GitHub\H2H-SW-PRO\EWARM\H2H
#        L4\Obj\list.o"
#        "C:\Users\Administrator\Documents\GitHub\H2H-SW-PRO\EWARM\H2H
#        L4\Obj\main.o"
#        "C:\Users\Administrator\Documents\GitHub\H2H-SW-PRO\EWARM\H2H
#        L4\Obj\port.o"
#        "C:\Users\Administrator\Documents\GitHub\H2H-SW-PRO\EWARM\H2H
#        L4\Obj\portasm.o"
#        "C:\Users\Administrator\Documents\GitHub\H2H-SW-PRO\EWARM\H2H
#        L4\Obj\queue.o"
#        "C:\Users\Administrator\Documents\GitHub\H2H-SW-PRO\EWARM\H2H
#        L4\Obj\rtc.o"
#        "C:\Users\Administrator\Documents\GitHub\H2H-SW-PRO\EWARM\H2H
#        L4\Obj\spi.o"
#        "C:\Users\Administrator\Documents\GitHub\H2H-SW-PRO\EWARM\H2H
#        L4\Obj\startup_stm32l486xx.o"
#        "C:\Users\Administrator\Documents\GitHub\H2H-SW-PRO\EWARM\H2H
#        L4\Obj\stm32l4xx_hal.o"
#        "C:\Users\Administrator\Documents\GitHub\H2H-SW-PRO\EWARM\H2H
#        L4\Obj\stm32l4xx_hal_cortex.o"
#        "C:\Users\Administrator\Documents\GitHub\H2H-SW-PRO\EWARM\H2H
#        L4\Obj\stm32l4xx_hal_dma.o"
#        "C:\Users\Administrator\Documents\GitHub\H2H-SW-PRO\EWARM\H2H
#        L4\Obj\stm32l4xx_hal_dma_ex.o"
#        "C:\Users\Administrator\Documents\GitHub\H2H-SW-PRO\EWARM\H2H
#        L4\Obj\stm32l4xx_hal_flash.o"
#        "C:\Users\Administrator\Documents\GitHub\H2H-SW-PRO\EWARM\H2H
#        L4\Obj\stm32l4xx_hal_flash_ex.o"
#        "C:\Users\Administrator\Documents\GitHub\H2H-SW-PRO\EWARM\H2H
#        L4\Obj\stm32l4xx_hal_flash_ramfunc.o"
#        "C:\Users\Administrator\Documents\GitHub\H2H-SW-PRO\EWARM\H2H
#        L4\Obj\stm32l4xx_hal_gpio.o"
#        "C:\Users\Administrator\Documents\GitHub\H2H-SW-PRO\EWARM\H2H
#        L4\Obj\stm32l4xx_hal_i2c.o"
#        "C:\Users\Administrator\Documents\GitHub\H2H-SW-PRO\EWARM\H2H
#        L4\Obj\stm32l4xx_hal_i2c_ex.o"
#        "C:\Users\Administrator\Documents\GitHub\H2H-SW-PRO\EWARM\H2H
#        L4\Obj\stm32l4xx_hal_msp.o"
#        "C:\Users\Administrator\Documents\GitHub\H2H-SW-PRO\EWARM\H2H
#        L4\Obj\stm32l4xx_hal_pwr.o"
#        "C:\Users\Administrator\Documents\GitHub\H2H-SW-PRO\EWARM\H2H
#        L4\Obj\stm32l4xx_hal_pwr_ex.o"
#        "C:\Users\Administrator\Documents\GitHub\H2H-SW-PRO\EWARM\H2H
#        L4\Obj\stm32l4xx_hal_rcc.o"
#        "C:\Users\Administrator\Documents\GitHub\H2H-SW-PRO\EWARM\H2H
#        L4\Obj\stm32l4xx_hal_rcc_ex.o"
#        "C:\Users\Administrator\Documents\GitHub\H2H-SW-PRO\EWARM\H2H
#        L4\Obj\stm32l4xx_hal_rtc.o"
#        "C:\Users\Administrator\Documents\GitHub\H2H-SW-PRO\EWARM\H2H
#        L4\Obj\stm32l4xx_hal_rtc_ex.o"
#        "C:\Users\Administrator\Documents\GitHub\H2H-SW-PRO\EWARM\H2H
#        L4\Obj\stm32l4xx_hal_spi.o"
#        "C:\Users\Administrator\Documents\GitHub\H2H-SW-PRO\EWARM\H2H
#        L4\Obj\stm32l4xx_hal_spi_ex.o"
#        "C:\Users\Administrator\Documents\GitHub\H2H-SW-PRO\EWARM\H2H
#        L4\Obj\stm32l4xx_hal_sram.o"
#        "C:\Users\Administrator\Documents\GitHub\H2H-SW-PRO\EWARM\H2H
#        L4\Obj\stm32l4xx_hal_tim.o"
#        "C:\Users\Administrator\Documents\GitHub\H2H-SW-PRO\EWARM\H2H
#        L4\Obj\stm32l4xx_hal_tim_ex.o"
#        "C:\Users\Administrator\Documents\GitHub\H2H-SW-PRO\EWARM\H2H
#        L4\Obj\stm32l4xx_hal_uart.o"
#        "C:\Users\Administrator\Documents\GitHub\H2H-SW-PRO\EWARM\H2H
#        L4\Obj\stm32l4xx_hal_uart_ex.o"
#        "C:\Users\Administrator\Documents\GitHub\H2H-SW-PRO\EWARM\H2H
#        L4\Obj\stm32l4xx_it.o"
#        "C:\Users\Administrator\Documents\GitHub\H2H-SW-PRO\EWARM\H2H
#        L4\Obj\stm32l4xx_ll_fmc.o"
#        "C:\Users\Administrator\Documents\GitHub\H2H-SW-PRO\EWARM\H2H
#        L4\Obj\system_stm32l4xx.o"
#        "C:\Users\Administrator\Documents\GitHub\H2H-SW-PRO\EWARM\H2H
#        L4\Obj\tasks.o"
#        "C:\Users\Administrator\Documents\GitHub\H2H-SW-PRO\EWARM\H2H
#        L4\Obj\tim.o"
#        "C:\Users\Administrator\Documents\GitHub\H2H-SW-PRO\EWARM\H2H
#        L4\Obj\timers.o"
#        "C:\Users\Administrator\Documents\GitHub\H2H-SW-PRO\EWARM\H2H
#        L4\Obj\usart.o" --redirect _Printf=_PrintfFull --redirect
#        _Scanf=_ScanfFull -o
#        "C:\Users\Administrator\Documents\GitHub\H2H-SW-PRO\EWARM\H2H
#        L4\Exe\H2H L4.out" --map
#        "C:\Users\Administrator\Documents\GitHub\H2H-SW-PRO\EWARM\H2H
#        L4/List\H2H L4.map" --config
#        C:\Users\Administrator\Documents\GitHub\H2H-SW-PRO\EWARM/stm32l486xx_flash.icf
#        --semihosting --entry __iar_program_start --vfe
#
###############################################################################

*******************************************************************************
*** RUNTIME MODEL ATTRIBUTES
***

CppFlavor       = *
__SystemLibrary = DLib


*******************************************************************************
*** PLACEMENT SUMMARY
***

"A1":  place at 0x08000000 { ro section .intvec };
"P1":  place in [from 0x08000000 to 0x080fffff] { ro };
"P2":  place in [from 0x20000000 to 0x20017fff] { rw, block CSTACK, block HEAP };

  Section            Kind        Address    Size  Object
  -------            ----        -------    ----  ------
"A1":                                      0x188
  .intvec            ro code  0x08000000   0x188  startup_stm32l486xx.o [1]
                            - 0x08000188   0x188

"P1":                                     0x4f10
  .text              ro code  0x08000188   0xac4  stm32l4xx_hal_rcc.o [1]
  .text              ro code  0x08000c4c    0x74  stm32l4xx_hal.o [1]
  .text              ro code  0x08000cc0   0x25e  stm32l4xx_hal_gpio.o [1]
  .text              ro code  0x08000f20    0xa8  stm32l4xx_hal_pwr_ex.o [1]
  .text              ro code  0x08000fc8   0x15c  stm32l4xx_hal_cortex.o [1]
  .text              ro code  0x08001124    0x98  stm32l4xx_hal_msp.o [1]
  .text              ro code  0x080011bc   0x90c  stm32l4xx_hal_tim.o [1]
  .text              ro code  0x08001ac8   0x1d8  tim.o [1]
  .text              ro code  0x08001ca0    0x6c  stm32l4xx_hal_tim_ex.o [1]
  .text              ro code  0x08001d0c   0x156  main.o [1]
  .text              ro code  0x08001e64   0x2d4  gpio.o [1]
  .text              ro code  0x08002138   0x110  dma.o [1]
  .text              ro code  0x08002248   0x130  fmc.o [1]
  .text              ro code  0x08002378   0x184  i2c.o [1]
  .text              ro code  0x080024fc   0x2f4  spi.o [1]
  .text              ro code  0x080027f0   0x184  usart.o [1]
  .text              ro code  0x08002974   0x14c  rtc.o [1]
  .text              ro code  0x08002ac0   0x778  stm32l4xx_hal_rcc_ex.o [1]
  .text              ro code  0x08003238   0x1d2  stm32l4xx_hal_dma.o [1]
  .text              ro code  0x0800340c    0x5c  stm32l4xx_hal_sram.o [1]
  .text              ro code  0x08003468    0xcc  stm32l4xx_hal_i2c.o [1]
  .text              ro code  0x08003534    0xca  stm32l4xx_hal_i2c_ex.o [1]
  .text              ro code  0x08003600    0xc8  stm32l4xx_hal_spi.o [1]
  .text              ro code  0x080036c8   0x6ec  stm32l4xx_hal_uart.o [1]
  .text              ro code  0x08003db4   0x672  stm32l4xx_hal_rtc.o [1]
  .text              ro code  0x08004428    0x28  stm32l4xx_hal_rtc_ex.o [1]
  .text              ro code  0x08004450   0x1e4  stm32l4xx_ll_fmc.o [1]
  .text              ro code  0x08004634    0xee  I64DivMod.o [5]
  .text              ro code  0x08004724     0x2  I64DivZer.o [5]
  .text              ro code  0x08004728   0x25c  tasks.o [1]
  .text              ro code  0x08004984    0x40  list.o [1]
  .text              ro code  0x080049c4     0x2  freertos.o [1]
  .text              ro code  0x080049c8    0xe8  stm32l4xx_it.o [1]
  .text              ro code  0x08004ab0    0x10  cmsis_os.o [1]
  .text              ro code  0x08004ac0    0x2c  port.o [1]
  CODE               ro code  0x08004aec    0xb0  portasm.o [1]
  .text              ro code  0x08004b9c    0x6c  system_stm32l4xx.o [1]
  .rodata            const    0x08004c08    0x40  dma.o [1]
  .rodata            const    0x08004c48    0x40  fmc.o [1]
  .rodata            const    0x08004c88    0x40  i2c.o [1]
  .rodata            const    0x08004cc8    0x40  main.o [1]
  .rodata            const    0x08004d08    0x40  rtc.o [1]
  .rodata            const    0x08004d48    0x40  spi.o [1]
  .rodata            const    0x08004d88    0x40  tim.o [1]
  .rodata            const    0x08004dc8    0x40  usart.o [1]
  .text              ro code  0x08004e08    0x40  zero_init3.o [5]
  .rodata            const    0x08004e48    0x30  system_stm32l4xx.o [1]
  .text              ro code  0x08004e78    0x2c  copy_init3.o [5]
  .text              ro code  0x08004ea4    0x28  data_init.o [5]
  .text              ro code  0x08004ecc    0x22  fpinit_M.o [4]
  .iar.init_table    const    0x08004ef0    0x24  - Linker created -
  .text              ro code  0x08004f14    0x1a  cmain.o [5]
  .text              ro code  0x08004f2e     0x4  low_level_init.o [3]
  .text              ro code  0x08004f32     0x4  exit.o [3]
  .text              ro code  0x08004f38     0xa  cexit.o [5]
  .text              ro code  0x08004f44    0x14  exit.o [6]
  .rodata            const    0x08004f58    0x10  system_stm32l4xx.o [1]
  .text              ro code  0x08004f68    0x10  startup_stm32l486xx.o [1]
  .text              ro code  0x08004f78     0xc  cstartup_M.o [5]
  .rodata            const    0x08004f84     0x8  system_stm32l4xx.o [1]
  .text              ro code  0x08004f8c     0x4  startup_stm32l486xx.o [1]
  .text              ro code  0x08004f90     0x4  startup_stm32l486xx.o [1]
  .text              ro code  0x08004f94     0x4  startup_stm32l486xx.o [1]
  .text              ro code  0x08004f98     0x4  startup_stm32l486xx.o [1]
  .text              ro code  0x08004f9c     0x4  startup_stm32l486xx.o [1]
  .text              ro code  0x08004fa0     0x4  startup_stm32l486xx.o [1]
  .text              ro code  0x08004fa4     0x4  startup_stm32l486xx.o [1]
  .text              ro code  0x08004fa8     0x4  startup_stm32l486xx.o [1]
  .text              ro code  0x08004fac     0x4  startup_stm32l486xx.o [1]
  .text              ro code  0x08004fb0     0x4  startup_stm32l486xx.o [1]
  .text              ro code  0x08004fb4     0x4  startup_stm32l486xx.o [1]
  .text              ro code  0x08004fb8     0x4  startup_stm32l486xx.o [1]
  .text              ro code  0x08004fbc     0x4  startup_stm32l486xx.o [1]
  .text              ro code  0x08004fc0     0x4  startup_stm32l486xx.o [1]
  .text              ro code  0x08004fc4     0x4  startup_stm32l486xx.o [1]
  .text              ro code  0x08004fc8     0x4  startup_stm32l486xx.o [1]
  .text              ro code  0x08004fcc     0x4  startup_stm32l486xx.o [1]
  .text              ro code  0x08004fd0     0x4  startup_stm32l486xx.o [1]
  .text              ro code  0x08004fd4     0x4  startup_stm32l486xx.o [1]
  .text              ro code  0x08004fd8     0x4  startup_stm32l486xx.o [1]
  .text              ro code  0x08004fdc     0x4  startup_stm32l486xx.o [1]
  .text              ro code  0x08004fe0     0x4  startup_stm32l486xx.o [1]
  .text              ro code  0x08004fe4     0x4  startup_stm32l486xx.o [1]
  .text              ro code  0x08004fe8     0x4  startup_stm32l486xx.o [1]
  .text              ro code  0x08004fec     0x4  startup_stm32l486xx.o [1]
  .text              ro code  0x08004ff0     0x4  startup_stm32l486xx.o [1]
  .text              ro code  0x08004ff4     0x4  startup_stm32l486xx.o [1]
  .text              ro code  0x08004ff8     0x4  startup_stm32l486xx.o [1]
  .text              ro code  0x08004ffc     0x4  startup_stm32l486xx.o [1]
  .text              ro code  0x08005000     0x4  startup_stm32l486xx.o [1]
  .text              ro code  0x08005004     0x4  startup_stm32l486xx.o [1]
  .text              ro code  0x08005008     0x4  startup_stm32l486xx.o [1]
  .text              ro code  0x0800500c     0x4  startup_stm32l486xx.o [1]
  .text              ro code  0x08005010     0x4  startup_stm32l486xx.o [1]
  .text              ro code  0x08005014     0x4  startup_stm32l486xx.o [1]
  .text              ro code  0x08005018     0x4  startup_stm32l486xx.o [1]
  .text              ro code  0x0800501c     0x4  startup_stm32l486xx.o [1]
  .text              ro code  0x08005020     0x4  startup_stm32l486xx.o [1]
  .text              ro code  0x08005024     0x4  startup_stm32l486xx.o [1]
  .text              ro code  0x08005028     0x4  startup_stm32l486xx.o [1]
  .text              ro code  0x0800502c     0x4  startup_stm32l486xx.o [1]
  .text              ro code  0x08005030     0x4  startup_stm32l486xx.o [1]
  .text              ro code  0x08005034     0x4  startup_stm32l486xx.o [1]
  .text              ro code  0x08005038     0x4  startup_stm32l486xx.o [1]
  .text              ro code  0x0800503c     0x4  startup_stm32l486xx.o [1]
  .text              ro code  0x08005040     0x4  startup_stm32l486xx.o [1]
  .text              ro code  0x08005044     0x4  startup_stm32l486xx.o [1]
  .text              ro code  0x08005048     0x4  startup_stm32l486xx.o [1]
  .text              ro code  0x0800504c     0x4  startup_stm32l486xx.o [1]
  .text              ro code  0x08005050     0x4  startup_stm32l486xx.o [1]
  .text              ro code  0x08005054     0x4  startup_stm32l486xx.o [1]
  .text              ro code  0x08005058     0x4  startup_stm32l486xx.o [1]
  .text              ro code  0x0800505c     0x4  startup_stm32l486xx.o [1]
  .text              ro code  0x08005060     0x4  startup_stm32l486xx.o [1]
  .text              ro code  0x08005064     0x4  startup_stm32l486xx.o [1]
  .text              ro code  0x08005068     0x4  startup_stm32l486xx.o [1]
  .text              ro code  0x0800506c     0x4  startup_stm32l486xx.o [1]
  .text              ro code  0x08005070     0x4  startup_stm32l486xx.o [1]
  .text              ro code  0x08005074     0x4  startup_stm32l486xx.o [1]
  .text              ro code  0x08005078     0x4  startup_stm32l486xx.o [1]
  .text              ro code  0x0800507c     0x4  startup_stm32l486xx.o [1]
  .text              ro code  0x08005080     0x4  startup_stm32l486xx.o [1]
  .text              ro code  0x08005084     0x4  startup_stm32l486xx.o [1]
  .text              ro code  0x08005088     0x4  startup_stm32l486xx.o [1]
  .text              ro code  0x0800508c     0x4  startup_stm32l486xx.o [1]
  .text              ro code  0x08005090     0x4  startup_stm32l486xx.o [1]
  .rodata            const    0x08005094     0x0  zero_init3.o [5]
  .rodata            const    0x08005094     0x0  copy_init3.o [5]
  Initializer bytes  const    0x08005094     0x4  <for P2 s0>
                            - 0x08005098  0x4f10

"P2":                                      0x9c8
  P2 s0                       0x20000000     0x4  <Init block>
    .data            inited   0x20000000     0x4  system_stm32l4xx.o [1]
  .bss               zero     0x20000004    0x8c  tasks.o [1]
  .bss               zero     0x20000090    0x78  usart.o [1]
  .bss               zero     0x20000108    0x64  spi.o [1]
  .bss               zero     0x2000016c    0x64  spi.o [1]
  .bss               zero     0x200001d0    0x4c  fmc.o [1]
  .bss               zero     0x2000021c    0x4c  i2c.o [1]
  .bss               zero     0x20000268    0x48  dma.o [1]
  .bss               zero     0x200002b0    0x48  i2c.o [1]
  .bss               zero     0x200002f8    0x48  i2c.o [1]
  .bss               zero     0x20000340    0x48  spi.o [1]
  .bss               zero     0x20000388    0x48  spi.o [1]
  .bss               zero     0x200003d0    0x48  spi.o [1]
  .bss               zero     0x20000418    0x48  spi.o [1]
  .bss               zero     0x20000460    0x48  usart.o [1]
  .bss               zero     0x200004a8    0x48  usart.o [1]
  .bss               zero     0x200004f0    0x40  tim.o [1]
  .bss               zero     0x20000530    0x40  tim.o [1]
  .bss               zero     0x20000570    0x24  rtc.o [1]
  .bss               zero     0x20000594     0x4  fmc.o [1]
  .bss               zero     0x20000598     0x4  stm32l4xx_hal.o [1]
  .bss               zero     0x2000059c     0x4  tasks.o [1]
  .bss               zero     0x200005a0     0x4  tasks.o [1]
  .bss               zero     0x200005a4     0x4  tasks.o [1]
  .bss               zero     0x200005a8     0x4  tasks.o [1]
  .bss               zero     0x200005ac     0x4  tasks.o [1]
  .bss               zero     0x200005b0     0x4  tasks.o [1]
  .bss               zero     0x200005b4     0x4  tasks.o [1]
  .bss               zero     0x200005b8     0x4  tasks.o [1]
  .bss               zero     0x200005bc     0x4  tasks.o [1]
  .bss               zero     0x200005c0     0x4  tasks.o [1]
  .bss               zero     0x200005c4     0x4  tasks.o [1]
  CSTACK                      0x200005c8   0x400  <Block>
    CSTACK           uninit   0x200005c8   0x400  <Block tail>
                            - 0x200009c8   0x9c8


*******************************************************************************
*** INIT TABLE
***

          Address     Size
          -------     ----
Zero (__iar_zero_init3)
    1 destination range, total size 0x5c4:
          0x20000004  0x5c4

Copy (__iar_copy_init3)
    1 source range, total size 0x4:
          0x08005094    0x4
    1 destination range, total size 0x4:
          0x20000000    0x4



*******************************************************************************
*** MODULE SUMMARY
***

    Module                  ro code  ro data  rw data
    ------                  -------  -------  -------
C:\Users\Administrator\Documents\GitHub\H2H-SW-PRO\EWARM\H2H L4\Obj: [1]
    cmsis_os.o                   16
    dma.o                       272       64       72
    fmc.o                       304       64       80
    freertos.o                    2
    gpio.o                      724
    i2c.o                       388       64      220
    list.o                       64
    main.o                      342       64
    port.o                       44
    portasm.o                   176
    rtc.o                       332       64       36
    spi.o                       756       64      488
    startup_stm32l486xx.o       672
    stm32l4xx_hal.o             116                 4
    stm32l4xx_hal_cortex.o      348
    stm32l4xx_hal_dma.o         466
    stm32l4xx_hal_gpio.o        606
    stm32l4xx_hal_i2c.o         204
    stm32l4xx_hal_i2c_ex.o      202
    stm32l4xx_hal_msp.o         152
    stm32l4xx_hal_pwr_ex.o      168
    stm32l4xx_hal_rcc.o       2 756
    stm32l4xx_hal_rcc_ex.o    1 912
    stm32l4xx_hal_rtc.o       1 650
    stm32l4xx_hal_rtc_ex.o       40
    stm32l4xx_hal_spi.o         200
    stm32l4xx_hal_sram.o         92
    stm32l4xx_hal_tim.o       2 316
    stm32l4xx_hal_tim_ex.o      108
    stm32l4xx_hal_uart.o      1 772
    stm32l4xx_it.o              232
    stm32l4xx_ll_fmc.o          484
    system_stm32l4xx.o          108       76        4
    tasks.o                     604               184
    tim.o                       472       64      128
    usart.o                     388       64      264
    -------------------------------------------------
    Total:                   19 488      588    1 480

command line: [2]
    -------------------------------------------------
    Total:

dl7M_tlf.a: [3]
    exit.o                        4
    low_level_init.o              4
    -------------------------------------------------
    Total:                        8

m7M_tls.a: [4]
    fpinit_M.o                   34
    -------------------------------------------------
    Total:                       34

rt7M_tl.a: [5]
    I64DivMod.o                 238
    I64DivZer.o                   2
    cexit.o                      10
    cmain.o                      26
    copy_init3.o                 44
    cstartup_M.o                 12
    data_init.o                  40
    zero_init3.o                 64
    -------------------------------------------------
    Total:                      436

shb_l.a: [6]
    exit.o                       20
    -------------------------------------------------
    Total:                       20

    Gaps                         20        2
    Linker created                        36    1 024
-----------------------------------------------------
    Grand Total:             20 006      626    2 504


*******************************************************************************
*** ENTRY LIST
***

Entry                      Address   Size  Type      Object
-----                      -------   ----  ----      ------
.iar.init_table$$Base   0x08004ef0          --   Gb  - Linker created -
.iar.init_table$$Limit  0x08004f14          --   Gb  - Linker created -
?main                   0x08004f15         Code  Gb  cmain.o [5]
AHBPrescTable           0x08004f58   0x10  Data  Gb  system_stm32l4xx.o [1]
APBPrescTable           0x08004f84    0x8  Data  Gb  system_stm32l4xx.o [1]
BusFault_Handler        0x080049d5    0x2  Code  Gb  stm32l4xx_it.o [1]
CSTACK$$Base            0x200005c8          --   Gb  - Linker created -
CSTACK$$Limit           0x200009c8          --   Gb  - Linker created -
DMA1_Channel2_IRQHandler
                        0x08004a0f    0xa  Code  Gb  stm32l4xx_it.o [1]
DMA1_Channel3_IRQHandler
                        0x08004a19    0xa  Code  Gb  stm32l4xx_it.o [1]
DMA1_Channel4_IRQHandler
                        0x08004a23    0xa  Code  Gb  stm32l4xx_it.o [1]
DMA1_Channel5_IRQHandler
                        0x08004a2d    0xa  Code  Gb  stm32l4xx_it.o [1]
DMA1_Channel6_IRQHandler
                        0x08004a37    0xa  Code  Gb  stm32l4xx_it.o [1]
DMA1_Channel7_IRQHandler
                        0x08004a41    0xa  Code  Gb  stm32l4xx_it.o [1]
DMA2_Channel6_IRQHandler
                        0x08004a75    0xa  Code  Gb  stm32l4xx_it.o [1]
DMA2_Channel7_IRQHandler
                        0x08004a7f    0xa  Code  Gb  stm32l4xx_it.o [1]
DebugMon_Handler        0x080049d9    0x2  Code  Gb  stm32l4xx_it.o [1]
EXTI0_IRQHandler        0x080049e7    0xa  Code  Gb  stm32l4xx_it.o [1]
EXTI15_10_IRQHandler    0x08004a5f    0xc  Code  Gb  stm32l4xx_it.o [1]
EXTI1_IRQHandler        0x080049f1    0xa  Code  Gb  stm32l4xx_it.o [1]
EXTI2_IRQHandler        0x080049fb    0xa  Code  Gb  stm32l4xx_it.o [1]
EXTI4_IRQHandler        0x08004a05    0xa  Code  Gb  stm32l4xx_it.o [1]
EXTI9_5_IRQHandler      0x08004a4b    0xa  Code  Gb  stm32l4xx_it.o [1]
FMC_Initialized         0x20000594    0x4  Data  Lc  fmc.o [1]
FMC_NORSRAM_Extended_Timing_Init
                        0x080045c5   0x66  Code  Gb  stm32l4xx_ll_fmc.o [1]
FMC_NORSRAM_Init        0x08004451   0xc4  Code  Gb  stm32l4xx_ll_fmc.o [1]
FMC_NORSRAM_Timing_Init
                        0x08004515   0xb0  Code  Gb  stm32l4xx_ll_fmc.o [1]
HAL_DMA_IRQHandler      0x0800333d   0xce  Code  Gb  stm32l4xx_hal_dma.o [1]
HAL_DMA_Init            0x08003239   0xe8  Code  Gb  stm32l4xx_hal_dma.o [1]
HAL_Delay               0x08000c99   0x20  Code  Wk  stm32l4xx_hal.o [1]
HAL_FMC_MspInit         0x080022e7   0x6a  Code  Lc  fmc.o [1]
HAL_GPIO_EXTI_Callback  0x08000f1d    0x2  Code  Wk  stm32l4xx_hal_gpio.o [1]
HAL_GPIO_EXTI_IRQHandler
                        0x08000ec7   0x1e  Code  Gb  stm32l4xx_hal_gpio.o [1]
HAL_GPIO_Init           0x08000cc1  0x1f4  Code  Gb  stm32l4xx_hal_gpio.o [1]
HAL_GPIO_WritePin       0x08000eb5   0x12  Code  Gb  stm32l4xx_hal_gpio.o [1]
HAL_GetTick             0x08000c93    0x6  Code  Wk  stm32l4xx_hal.o [1]
HAL_I2CEx_ConfigAnalogFilter
                        0x08003535   0x64  Code  Gb  stm32l4xx_hal_i2c_ex.o [1]
HAL_I2CEx_ConfigDigitalFilter
                        0x08003599   0x66  Code  Gb  stm32l4xx_hal_i2c_ex.o [1]
HAL_I2C_Init            0x08003469   0xcc  Code  Gb  stm32l4xx_hal_i2c.o [1]
HAL_I2C_MspInit         0x080023ef   0xe6  Code  Gb  i2c.o [1]
HAL_IncTick             0x08000c87    0xc  Code  Wk  stm32l4xx_hal.o [1]
HAL_Init                0x08000c4d   0x16  Code  Gb  stm32l4xx_hal.o [1]
HAL_InitTick            0x08000c63   0x24  Code  Wk  stm32l4xx_hal.o [1]
HAL_MspInit             0x08001125   0x98  Code  Gb  stm32l4xx_hal_msp.o [1]
HAL_NVIC_EnableIRQ      0x080010cb    0xe  Code  Gb  stm32l4xx_hal_cortex.o [1]
HAL_NVIC_SetPriority    0x080010a5   0x26  Code  Gb  stm32l4xx_hal_cortex.o [1]
HAL_NVIC_SetPriorityGrouping
                        0x08001099    0xc  Code  Gb  stm32l4xx_hal_cortex.o [1]
HAL_PWREx_ControlVoltageScaling
                        0x08000f2d   0x8a  Code  Gb  stm32l4xx_hal_pwr_ex.o [1]
HAL_PWREx_GetVoltageRange
                        0x08000f21    0xc  Code  Gb  stm32l4xx_hal_pwr_ex.o [1]
HAL_RCCEx_EnableLSECSS  0x08002f39   0x12  Code  Gb  stm32l4xx_hal_rcc_ex.o [1]
HAL_RCCEx_PeriphCLKConfig
                        0x08002ac1  0x464  Code  Gb  stm32l4xx_hal_rcc_ex.o [1]
HAL_RCC_CSSCallback     0x08000b69    0x2  Code  Wk  stm32l4xx_hal_rcc.o [1]
HAL_RCC_ClockConfig     0x080007b9  0x1de  Code  Gb  stm32l4xx_hal_rcc.o [1]
HAL_RCC_EnableCSS       0x08000b3d    0xe  Code  Gb  stm32l4xx_hal_rcc.o [1]
HAL_RCC_GetHCLKFreq     0x08000b03    0x6  Code  Gb  stm32l4xx_hal_rcc.o [1]
HAL_RCC_GetPCLK1Freq    0x08000b09   0x1a  Code  Gb  stm32l4xx_hal_rcc.o [1]
HAL_RCC_GetPCLK2Freq    0x08000b23   0x1a  Code  Gb  stm32l4xx_hal_rcc.o [1]
HAL_RCC_GetSysClockFreq
                        0x080009f7  0x10c  Code  Gb  stm32l4xx_hal_rcc.o [1]
HAL_RCC_MCOConfig       0x08000997   0x60  Code  Gb  stm32l4xx_hal_rcc.o [1]
HAL_RCC_NMI_IRQHandler  0x08000b4b   0x18  Code  Gb  stm32l4xx_hal_rcc.o [1]
HAL_RCC_OscConfig       0x08000189  0x630  Code  Gb  stm32l4xx_hal_rcc.o [1]
HAL_RTCEx_AlarmBEventCallback
                        0x0800444f    0x2  Code  Wk  stm32l4xx_hal_rtc_ex.o [1]
HAL_RTCEx_BKUPRead      0x0800443d   0x12  Code  Gb  stm32l4xx_hal_rtc_ex.o [1]
HAL_RTCEx_BKUPWrite     0x08004429   0x14  Code  Gb  stm32l4xx_hal_rtc_ex.o [1]
HAL_RTC_AlarmAEventCallback
                        0x08004389    0x2  Code  Wk  stm32l4xx_hal_rtc.o [1]
HAL_RTC_AlarmIRQHandler
                        0x080042ed   0x82  Code  Gb  stm32l4xx_hal_rtc.o [1]
HAL_RTC_Init            0x08003db5   0xdc  Code  Gb  stm32l4xx_hal_rtc.o [1]
HAL_RTC_MspInit         0x08002a87   0x2a  Code  Gb  rtc.o [1]
HAL_RTC_SetAlarm_IT     0x080040db  0x212  Code  Gb  stm32l4xx_hal_rtc.o [1]
HAL_RTC_SetDate         0x08003fc3  0x118  Code  Gb  stm32l4xx_hal_rtc.o [1]
HAL_RTC_SetTime         0x08003e91  0x132  Code  Gb  stm32l4xx_hal_rtc.o [1]
HAL_RTC_WaitForSynchro  0x0800438b   0x34  Code  Gb  stm32l4xx_hal_rtc.o [1]
HAL_SPI_Init            0x08003601   0xc8  Code  Gb  stm32l4xx_hal_spi.o [1]
HAL_SPI_MspInit         0x080025e1  0x1d0  Code  Gb  spi.o [1]
HAL_SRAM_Init           0x0800340d   0x5c  Code  Gb  stm32l4xx_hal_sram.o [1]
HAL_SRAM_MspInit        0x08002351    0xa  Code  Gb  fmc.o [1]
HAL_SYSTICK_CLKSourceConfig
                        0x080010e5   0x20  Code  Gb  stm32l4xx_hal_cortex.o [1]
HAL_SYSTICK_Config      0x080010d9    0xc  Code  Gb  stm32l4xx_hal_cortex.o [1]
HAL_TIMEx_BreakCallback
                        0x08001d0b    0x2  Code  Wk  stm32l4xx_hal_tim_ex.o [1]
HAL_TIMEx_CommutationCallback
                        0x08001d09    0x2  Code  Wk  stm32l4xx_hal_tim_ex.o [1]
HAL_TIMEx_MasterConfigSynchronization
                        0x08001ca1   0x5e  Code  Gb  stm32l4xx_hal_tim_ex.o [1]
HAL_TIM_Base_Init       0x080011bd   0x38  Code  Gb  stm32l4xx_hal_tim.o [1]
HAL_TIM_Base_MspInit    0x08001bfb   0x5a  Code  Gb  tim.o [1]
HAL_TIM_ConfigClockSource
                        0x0800150b  0x124  Code  Gb  stm32l4xx_hal_tim.o [1]
HAL_TIM_IC_CaptureCallback
                        0x08001633    0x2  Code  Wk  stm32l4xx_hal_tim.o [1]
HAL_TIM_IRQHandler      0x0800122f  0x176  Code  Gb  stm32l4xx_hal_tim.o [1]
HAL_TIM_MspPostInit     0x08001c55   0x2e  Code  Gb  tim.o [1]
HAL_TIM_OC_DelayElapsedCallback
                        0x08001631    0x2  Code  Wk  stm32l4xx_hal_tim.o [1]
HAL_TIM_PWM_ConfigChannel
                        0x080013a5  0x166  Code  Gb  stm32l4xx_hal_tim.o [1]
HAL_TIM_PWM_Init        0x080011f5   0x38  Code  Gb  stm32l4xx_hal_tim.o [1]
HAL_TIM_PWM_MspInit     0x0800122d    0x2  Code  Wk  stm32l4xx_hal_tim.o [1]
HAL_TIM_PWM_PulseFinishedCallback
                        0x08001635    0x2  Code  Wk  stm32l4xx_hal_tim.o [1]
HAL_TIM_PeriodElapsedCallback
                        0x0800162f    0x2  Code  Wk  stm32l4xx_hal_tim.o [1]
HAL_TIM_TriggerCallback
                        0x08001637    0x2  Code  Wk  stm32l4xx_hal_tim.o [1]
HAL_UART_Init           0x080036c9   0x7e  Code  Gb  stm32l4xx_hal_uart.o [1]
HAL_UART_MspInit        0x08002847  0x10e  Code  Gb  usart.o [1]
HardFault_Handler       0x080049d1    0x2  Code  Gb  stm32l4xx_it.o [1]
MSIRangeTable           0x08004e48   0x30  Data  Gb  system_stm32l4xx.o [1]
MX_DMA_Init             0x08002139  0x110  Code  Gb  dma.o [1]
MX_FMC_Init             0x08002249   0x9e  Code  Gb  fmc.o [1]
MX_GPIO_Init            0x08001e65  0x2d4  Code  Gb  gpio.o [1]
MX_I2C1_Init            0x08002379   0x76  Code  Gb  i2c.o [1]
MX_RTC_Init             0x08002975  0x112  Code  Gb  rtc.o [1]
MX_SPI1_Init            0x080024fd   0x74  Code  Gb  spi.o [1]
MX_SPI2_Init            0x08002571   0x70  Code  Gb  spi.o [1]
MX_TIM3_Init            0x08001ac9   0xb8  Code  Gb  tim.o [1]
MX_TIM4_Init            0x08001b81   0x7a  Code  Gb  tim.o [1]
MX_USART1_UART_Init     0x080027f1   0x56  Code  Gb  usart.o [1]
MemManage_Handler       0x080049d3    0x2  Code  Gb  stm32l4xx_it.o [1]
NMI_Handler             0x080049c9    0x8  Code  Gb  stm32l4xx_it.o [1]
NVIC_EnableIRQ          0x08000ff1   0x14  Code  Lc  stm32l4xx_hal_cortex.o [1]
NVIC_EncodePriority     0x0800102b   0x3e  Code  Lc  stm32l4xx_hal_cortex.o [1]
NVIC_GetPriorityGrouping
                        0x08000fe7    0xa  Code  Lc  stm32l4xx_hal_cortex.o [1]
NVIC_SetPriority        0x08001005   0x26  Code  Lc  stm32l4xx_hal_cortex.o [1]
NVIC_SetPriorityGrouping
                        0x08000fc9   0x1e  Code  Lc  stm32l4xx_hal_cortex.o [1]
PendSV_Handler          0x08004aed         Code  Gb  portasm.o [1]
RCCEx_PLLSAI1_Config    0x08002f4b  0x178  Code  Lc  stm32l4xx_hal_rcc_ex.o [1]
RCCEx_PLLSAI2_Config    0x080030c3  0x154  Code  Lc  stm32l4xx_hal_rcc_ex.o [1]
RCC_SetFlashLatencyFromMSIRange
                        0x08000b6b   0x9c  Code  Lc  stm32l4xx_hal_rcc.o [1]
RTC_Alarm_IRQHandler    0x08004a6b    0xa  Code  Gb  stm32l4xx_it.o [1]
RTC_Bcd2ToByte          0x0800440d   0x1a  Code  Gb  stm32l4xx_hal_rtc.o [1]
RTC_ByteToBcd2          0x080043f7   0x16  Code  Gb  stm32l4xx_hal_rtc.o [1]
RTC_EnterInitMode       0x080043bf   0x38  Code  Gb  stm32l4xx_hal_rtc.o [1]
Region$$Table$$Base     0x08004ef0          --   Gb  - Linker created -
Region$$Table$$Limit    0x08004f14          --   Gb  - Linker created -
SVC_Handler             0x08004b45         Code  Gb  portasm.o [1]
SysTick_Config          0x08001069   0x30  Code  Lc  stm32l4xx_hal_cortex.o [1]
SysTick_Handler         0x080049db    0xc  Code  Gb  stm32l4xx_it.o [1]
SystemClock_Config      0x08001d69   0xe6  Code  Gb  main.o [1]
SystemCoreClock         0x20000000    0x4  Data  Gb  system_stm32l4xx.o [1]
SystemInit              0x08004b9d   0x4e  Code  Gb  system_stm32l4xx.o [1]
TIM4_IRQHandler         0x08004a55    0xa  Code  Gb  stm32l4xx_it.o [1]
TIM_Base_SetConfig      0x08001639   0xce  Code  Gb  stm32l4xx_hal_tim.o [1]
TIM_ETR_SetConfig       0x08001aad   0x1c  Code  Gb  stm32l4xx_hal_tim.o [1]
TIM_ITRx_SetConfig      0x08001a97   0x16  Code  Lc  stm32l4xx_hal_tim.o [1]
TIM_OC1_SetConfig       0x08001707   0xac  Code  Lc  stm32l4xx_hal_tim.o [1]
TIM_OC2_SetConfig       0x080017b3   0x9a  Code  Gb  stm32l4xx_hal_tim.o [1]
TIM_OC3_SetConfig       0x0800184d   0x8c  Code  Lc  stm32l4xx_hal_tim.o [1]
TIM_OC4_SetConfig       0x080018d9   0x6a  Code  Lc  stm32l4xx_hal_tim.o [1]
TIM_OC5_SetConfig       0x08001943   0x64  Code  Lc  stm32l4xx_hal_tim.o [1]
TIM_OC6_SetConfig       0x080019a7   0x66  Code  Lc  stm32l4xx_hal_tim.o [1]
TIM_TI1_ConfigInputStage
                        0x08001a3d   0x2c  Code  Lc  stm32l4xx_hal_tim.o [1]
TIM_TI2_ConfigInputStage
                        0x08001a69   0x2e  Code  Lc  stm32l4xx_hal_tim.o [1]
UART_AdvFeatureConfig   0x08003bfd   0xda  Code  Gb  stm32l4xx_hal_uart.o [1]
UART_CheckIdleState     0x08003cd7   0x6e  Code  Gb  stm32l4xx_hal_uart.o [1]
UART_SetConfig          0x08003747  0x48c  Code  Gb  stm32l4xx_hal_uart.o [1]
UART_WaitOnFlagUntilTimeout
                        0x08003d45   0x70  Code  Gb  stm32l4xx_hal_uart.o [1]
UsageFault_Handler      0x080049d7    0x2  Code  Gb  stm32l4xx_it.o [1]
_Error_Handler          0x08001e61    0x2  Code  Gb  main.o [1]
__aeabi_ldiv0           0x08004725         Code  Gb  I64DivZer.o [5]
__aeabi_uldivmod        0x08004635         Code  Gb  I64DivMod.o [5]
__cmain                 0x08004f15         Code  Gb  cmain.o [5]
__exit                  0x08004f45   0x14  Code  Gb  exit.o [6]
__iar_copy_init3        0x08004e79   0x2c  Code  Gb  copy_init3.o [5]
__iar_data_init3        0x08004ea5   0x28  Code  Gb  data_init.o [5]
__iar_init_vfp          0x08004ecd         Code  Gb  fpinit_M.o [4]
__iar_program_start     0x08004f79         Code  Gb  cstartup_M.o [5]
__iar_zero_init3        0x08004e09   0x40  Code  Gb  zero_init3.o [5]
__low_level_init        0x08004f2f    0x4  Code  Gb  low_level_init.o [3]
__vector_table          0x08000000         Data  Gb  startup_stm32l486xx.o [1]
_call_main              0x08004f21         Code  Gb  cmain.o [5]
_exit                   0x08004f39         Code  Gb  cexit.o [5]
_main                   0x08004f2b         Code  Gb  cmain.o [5]
exit                    0x08004f33    0x4  Code  Gb  exit.o [3]
hdma_i2c1_rx            0x200002f8   0x48  Data  Gb  i2c.o [1]
hdma_i2c1_tx            0x200002b0   0x48  Data  Gb  i2c.o [1]
hdma_memtomem_dma2_channel1
                        0x20000268   0x48  Data  Gb  dma.o [1]
hdma_spi1_rx            0x20000388   0x48  Data  Gb  spi.o [1]
hdma_spi1_tx            0x20000340   0x48  Data  Gb  spi.o [1]
hdma_spi2_rx            0x20000418   0x48  Data  Gb  spi.o [1]
hdma_spi2_tx            0x200003d0   0x48  Data  Gb  spi.o [1]
hdma_usart1_rx          0x200004a8   0x48  Data  Gb  usart.o [1]
hdma_usart1_tx          0x20000460   0x48  Data  Gb  usart.o [1]
hi2c1                   0x2000021c   0x4c  Data  Gb  i2c.o [1]
hrtc                    0x20000570   0x24  Data  Gb  rtc.o [1]
hspi1                   0x20000108   0x64  Data  Gb  spi.o [1]
hspi2                   0x2000016c   0x64  Data  Gb  spi.o [1]
hsram1                  0x200001d0   0x4c  Data  Gb  fmc.o [1]
htim3                   0x200004f0   0x40  Data  Gb  tim.o [1]
htim4                   0x20000530   0x40  Data  Gb  tim.o [1]
huart1                  0x20000090   0x78  Data  Gb  usart.o [1]
main                    0x08001d0d   0x5c  Code  Gb  main.o [1]
osSystickHandler        0x08004ab1   0x10  Code  Gb  cmsis_os.o [1]
prvResetNextTaskUnblockTime
                        0x08004911   0x2a  Code  Lc  tasks.o [1]
pxCurrentTCB            0x2000059c    0x4  Data  Gb  tasks.o [1]
pxDelayedTaskList       0x200005a0    0x4  Data  Lc  tasks.o [1]
pxOverflowDelayedTaskList
                        0x200005a4    0x4  Data  Lc  tasks.o [1]
pxReadyTasksLists       0x20000004   0x8c  Data  Lc  tasks.o [1]
uwTick                  0x20000598    0x4  Data  Gb  stm32l4xx_hal.o [1]
uxListRemove            0x0800499d   0x28  Code  Gb  list.o [1]
uxPendedTicks           0x200005b4    0x4  Data  Lc  tasks.o [1]
uxSchedulerSuspended    0x200005c4    0x4  Data  Lc  tasks.o [1]
uxTopReadyPriority      0x200005ac    0x4  Data  Lc  tasks.o [1]
vApplicationStackOverflowHook
                        0x080049c5    0x2  Code  Wk  freertos.o [1]
vListInsertEnd          0x08004985   0x18  Code  Gb  list.o [1]
vPortEnableVFP          0x08004b81         Code  Gb  portasm.o [1]
vPortStartFirstTask     0x08004b61         Code  Gb  portasm.o [1]
vTaskSwitchContext      0x08004855   0xaa  Code  Gb  tasks.o [1]
xNextTaskUnblockTime    0x200005c0    0x4  Data  Lc  tasks.o [1]
xNumOfOverflows         0x200005bc    0x4  Data  Lc  tasks.o [1]
xPortSysTickHandler     0x08004ac1   0x28  Code  Gb  port.o [1]
xSchedulerRunning       0x200005b0    0x4  Data  Lc  tasks.o [1]
xTaskGetSchedulerState  0x0800493b   0x26  Code  Gb  tasks.o [1]
xTaskIncrementTick      0x08004729  0x12c  Code  Gb  tasks.o [1]
xTickCount              0x200005a8    0x4  Data  Lc  tasks.o [1]
xYieldPending           0x200005b8    0x4  Data  Lc  tasks.o [1]


[1] = C:\Users\Administrator\Documents\GitHub\H2H-SW-PRO\EWARM\H2H L4\Obj
[2] = command line
[3] = dl7M_tlf.a
[4] = m7M_tls.a
[5] = rt7M_tl.a
[6] = shb_l.a

  20 006 bytes of readonly  code memory
     626 bytes of readonly  data memory
   2 504 bytes of readwrite data memory

Errors: none
Warnings: none
